// Jest Snapshot v1, https://goo.gl/fbAQLP

exports[`<ToolBar /> should match the snapshot 1`] = `
<div
  class="makeStyles-root-1"
>
  <div
    class="MuiBox-root MuiBox-root-2"
  >
    <div
      class="MuiBox-root MuiBox-root-3"
    >
      <p>
        Hello
      </p>
    </div>
    <div
      class="MuiBox-root MuiBox-root-4"
    >
      <p>
        Word
      </p>
    </div>
  </div>
</div>
`;
